,,GET /assets/*,GET /register,GET ^/$,GET ^/api/condition/[^/]+$,GET ^/api/isu$,GET ^/api/isu/[^/]+$,GET ^/api/isu/[^/]+/graph$,GET ^/api/isu/[^/]+/icon$,GET ^/api/trend$,GET ^/api/user/me$,GET ^/isu/[^/]+$,GET ^/isu/[^/]+/condition$,GET ^/isu/[^/]+/graph$,POST ^/api/auth$,POST ^/api/condition/[^/]+$,POST ^/api/isu$,POST ^/api/signout$,POST ^/initialize$
,0,0,0,77,0,0,0,0,0,51,2,0,0,0,538,65993,0,49,1
GET /assets/*,1,54396,0,53,18,51,6,6,0,10758,0,0,0,0,0,0,3,0,0
GET /register,0,3,0,0,0,0,0,0,0,0,0,0,0,0,0,0,0,0,0
GET ^/$,1,10863,0,0,0,0,0,0,0,0,0,0,0,0,54,0,0,0,0
GET ^/api/condition/[^/]+$,55,0,1,47,4149,127,0,0,0,0,47,4,12,0,0,0,2,45,0
GET ^/api/isu$,1,0,0,0,0,0,96,0,177,0,0,2,0,0,0,0,7,0,0
GET ^/api/isu/[^/]+$,0,0,0,0,0,0,0,0,380,0,0,0,0,0,0,0,0,0,0
GET ^/api/isu/[^/]+/graph$,0,0,0,0,200,0,0,388,0,0,0,0,6,0,0,0,0,0,0
GET ^/api/isu/[^/]+/icon$,0,0,1,0,122,7,179,200,1027,0,0,0,0,6,0,0,42,0,0
GET ^/api/trend$,72,0,0,10737,0,0,0,0,0,0,0,0,0,0,0,0,0,0,0
GET ^/api/user/me$,44,0,0,3,0,98,0,0,0,0,0,0,0,0,0,0,0,0,0
GET ^/isu/[^/]+$,0,6,0,0,0,0,0,0,0,0,0,0,0,0,0,0,0,0,0
GET ^/isu/[^/]+/condition$,0,18,0,0,0,0,0,0,0,0,0,0,0,0,0,0,0,0,0
GET ^/isu/[^/]+/graph$,0,6,0,0,0,0,0,0,0,0,0,0,0,0,0,0,0,0,0
POST ^/api/auth$,491,0,0,0,0,0,48,0,0,0,53,0,0,0,0,0,0,0,0
POST ^/api/condition/[^/]+$,65993,0,0,0,0,0,0,0,0,0,0,0,0,0,0,0,0,0,0
POST ^/api/isu$,1,0,1,1,0,0,51,0,0,0,0,0,0,0,0,0,1,0,0
POST ^/api/signout$,51,0,0,0,0,0,0,0,0,0,43,0,0,0,0,0,0,2,0
POST ^/initialize$,1,0,0,0,0,0,0,0,0,0,0,0,0,0,0,0,0,0,0
