Method,Uri,0,13,26,39,52,65
GET,/assets/*,5255,15079,14964,14824,14613,557
GET,/register,3,0,0,0,0,0
GET,^/$,877,2527,2499,2480,2442,93
GET,^/api/condition/[^/]+$,520,999,968,1023,935,44
GET,^/api/isu$,96,67,45,37,37,1
GET,^/api/isu/[^/]+$,154,78,55,47,46,0
GET,^/api/isu/[^/]+/graph$,94,113,113,118,156,0
GET,^/api/isu/[^/]+/icon$,634,387,221,160,182,0
GET,^/api/trend$,823,2507,2487,2465,2427,100
GET,^/api/user/me$,49,34,16,24,21,1
GET,^/isu/[^/]+$,6,0,0,0,0,0
GET,^/isu/[^/]+/condition$,18,0,0,0,0,0
GET,^/isu/[^/]+/graph$,6,0,0,0,0,0
POST,^/api/auth$,114,132,113,117,105,11
POST,^/api/condition/[^/]+$,8423,14458,14356,14194,14002,560
POST,^/api/isu$,55,0,0,0,0,0
POST,^/api/signout$,28,22,13,17,15,1
POST,^/initialize$,1,0,0,0,0,0
